------------------------------------------------------------
TimeQuest Timing Analyzer Summary
------------------------------------------------------------

Type  : Slow 1200mV 85C Model Setup 'KEY[0]'
Slack : -15.285
TNS   : -27598.943

Type  : Slow 1200mV 85C Model Setup 'CLOCK_50'
Slack : -0.237
TNS   : -0.237

Type  : Slow 1200mV 85C Model Hold 'CLOCK_50'
Slack : 0.145
TNS   : 0.000

Type  : Slow 1200mV 85C Model Hold 'KEY[0]'
Slack : 1.200
TNS   : 0.000

Type  : Slow 1200mV 85C Model Minimum Pulse Width 'KEY[0]'
Slack : -3.000
TNS   : -2858.270

Type  : Slow 1200mV 85C Model Minimum Pulse Width 'CLOCK_50'
Slack : -3.000
TNS   : -4.285

Type  : Slow 1200mV 0C Model Setup 'KEY[0]'
Slack : -14.063
TNS   : -25234.014

Type  : Slow 1200mV 0C Model Setup 'CLOCK_50'
Slack : -0.124
TNS   : -0.124

Type  : Slow 1200mV 0C Model Hold 'CLOCK_50'
Slack : 0.232
TNS   : 0.000

Type  : Slow 1200mV 0C Model Hold 'KEY[0]'
Slack : 1.091
TNS   : 0.000

Type  : Slow 1200mV 0C Model Minimum Pulse Width 'KEY[0]'
Slack : -3.000
TNS   : -2858.270

Type  : Slow 1200mV 0C Model Minimum Pulse Width 'CLOCK_50'
Slack : -3.000
TNS   : -4.285

Type  : Fast 1200mV 0C Model Setup 'KEY[0]'
Slack : -7.235
TNS   : -12720.714

Type  : Fast 1200mV 0C Model Setup 'CLOCK_50'
Slack : -0.164
TNS   : -0.164

Type  : Fast 1200mV 0C Model Hold 'CLOCK_50'
Slack : -0.248
TNS   : -0.248

Type  : Fast 1200mV 0C Model Hold 'KEY[0]'
Slack : 0.550
TNS   : 0.000

Type  : Fast 1200mV 0C Model Minimum Pulse Width 'KEY[0]'
Slack : -3.000
TNS   : -2519.017

Type  : Fast 1200mV 0C Model Minimum Pulse Width 'CLOCK_50'
Slack : -3.000
TNS   : -4.000

------------------------------------------------------------
